<?php return array (
  0 => 'Symfony\\Bundle\\FrameworkBundle\\Controller\\AbstractController',
  1 => 'App\\Controller\\Patron\\DatabaseListController',
  2 => 'App\\Controller\\Patron\\GuideController',
  3 => 'App\\Controller\\Patron\\IndexController',
  4 => 'App\\Controller\\Staff\\LinkCheckerController',
  5 => 'App\\Entity\\Chchchanges',
  6 => 'App\\Entity\\Collection',
  7 => 'App\\Entity\\CollectionSubject',
  8 => 'App\\Entity\\Department',
  9 => 'App\\Entity\\Discipline',
  10 => 'App\\Entity\\Faq',
  11 => 'App\\Entity\\FaqFaqpage',
  12 => 'App\\Entity\\FaqSubject',
  13 => 'App\\Entity\\Faqpage',
  14 => 'App\\Entity\\Format',
  15 => 'App\\Entity\\Location',
  16 => 'App\\Entity\\Pluslet',
  17 => 'App\\Entity\\PlusletSection',
  18 => 'App\\Entity\\Rank',
  19 => 'App\\Entity\\Restrictions',
  20 => 'App\\Entity\\Section',
  21 => 'App\\Entity\\Source',
  22 => 'App\\Entity\\Staff',
  23 => 'App\\Entity\\StaffDepartment',
  24 => 'App\\Entity\\Stats',
  25 => 'App\\Entity\\Subject',
  26 => 'App\\Entity\\SubjectSubject',
  27 => 'App\\Entity\\Tab',
  28 => 'App\\Entity\\Talkback',
  29 => 'App\\Entity\\Title',
  30 => 'App\\Entity\\UserType',
  31 => 'App\\Entity\\Video',
  32 => 'Doctrine\\Bundle\\DoctrineBundle\\Controller\\ProfilerController',
  33 => 'Doctrine\\ORM\\Cache\\Persister\\Entity\\AbstractEntityPersister',
  34 => 'Doctrine\\ORM\\Cache\\Persister\\Entity\\CachedEntityPersister',
  35 => 'Doctrine\\ORM\\Cache\\Persister\\Entity\\NonStrictReadWriteCachedEntityPersister',
  36 => 'Doctrine\\ORM\\Cache\\Persister\\Entity\\ReadOnlyCachedEntityPersister',
  37 => 'Doctrine\\ORM\\Cache\\Persister\\Entity\\ReadWriteCachedEntityPersister',
  38 => 'Doctrine\\ORM\\Persisters\\Entity\\AbstractEntityInheritancePersister',
  39 => 'Doctrine\\ORM\\Persisters\\Entity\\BasicEntityPersister',
  40 => 'Doctrine\\ORM\\Persisters\\Entity\\CachedPersisterContext',
  41 => 'Doctrine\\ORM\\Persisters\\Entity\\EntityPersister',
  42 => 'Doctrine\\ORM\\Persisters\\Entity\\JoinedSubclassPersister',
  43 => 'Doctrine\\ORM\\Persisters\\Entity\\SingleTablePersister',
  45 => 'Symfony\\Bundle\\FrameworkBundle\\Controller\\ControllerResolver',
  46 => 'Symfony\\Bundle\\FrameworkBundle\\Controller\\RedirectController',
  47 => 'Symfony\\Bundle\\FrameworkBundle\\Controller\\TemplateController',
  48 => 'Symfony\\Bundle\\WebProfilerBundle\\Controller\\ExceptionPanelController',
  49 => 'Symfony\\Bundle\\WebProfilerBundle\\Controller\\ProfilerController',
  50 => 'Symfony\\Bundle\\WebProfilerBundle\\Controller\\RouterController',
  51 => 'Symfony\\Component\\HttpKernel\\Controller\\ArgumentResolver',
  52 => 'Symfony\\Component\\HttpKernel\\Controller\\ArgumentResolverInterface',
  53 => 'Symfony\\Component\\HttpKernel\\Controller\\ArgumentResolver\\DefaultValueResolver',
  54 => 'Symfony\\Component\\HttpKernel\\Controller\\ArgumentResolver\\NotTaggedControllerValueResolver',
  55 => 'Symfony\\Component\\HttpKernel\\Controller\\ArgumentResolver\\RequestAttributeValueResolver',
  56 => 'Symfony\\Component\\HttpKernel\\Controller\\ArgumentResolver\\RequestValueResolver',
  57 => 'Symfony\\Component\\HttpKernel\\Controller\\ArgumentResolver\\ServiceValueResolver',
  58 => 'Symfony\\Component\\HttpKernel\\Controller\\ArgumentResolver\\SessionValueResolver',
  59 => 'Symfony\\Component\\HttpKernel\\Controller\\ArgumentResolver\\TraceableValueResolver',
  60 => 'Symfony\\Component\\HttpKernel\\Controller\\ArgumentResolver\\VariadicValueResolver',
  61 => 'Symfony\\Component\\HttpKernel\\Controller\\ArgumentValueResolverInterface',
  62 => 'Symfony\\Component\\HttpKernel\\Controller\\ContainerControllerResolver',
  63 => 'Symfony\\Component\\HttpKernel\\Controller\\ControllerReference',
  64 => 'Symfony\\Component\\HttpKernel\\Controller\\ControllerResolver',
  65 => 'Symfony\\Component\\HttpKernel\\Controller\\ControllerResolverInterface',
  66 => 'Symfony\\Component\\HttpKernel\\Controller\\ErrorController',
  67 => 'Symfony\\Component\\HttpKernel\\Controller\\TraceableArgumentResolver',
  68 => 'Symfony\\Component\\HttpKernel\\Controller\\TraceableControllerResolver',
  69 => 'Symfony\\Component\\Security\\Http\\Controller\\UserValueResolver',
);